---
source: compiler-core/src/javascript/tests/custom_types.rs
expression: "import other.{Two}\npub fn main() {\n  Two\n}"

---
import * as $other from "../other.js";

export function main() {
  return (var0, var1, var2) => {
    return { type: "Two", a: var0, b: var1, c: var2 };
  };
}

